{
  "description": "Covers multipart request bodies that are not object-shaped.",
  "exports": {
    ".": {
      "default": "./dist/index.js",
      "types": "./dist/index.d.ts"
    }
  },
  "files": [
    "dist"
  ],
  "keywords": [
    "openapi",
    "api-client",
    "typescript",
    "generated"
  ],
  "main": "./dist/index.js",
  "name": "multipart-unsupported-schema",
  "scripts": {
    "build": "tsc"
  },
  "type": "module",
  "types": "./dist/index.d.ts",
  "version": "1.0.0"
}