[package]
name = "additional-properties-api"
version = "0.1.0"
edition = "2024"
description = "API demonstrating OpenAPI additionalProperties with multiple levels of structs (RootLevel -> MiddleLevel -> LeafValue), each with HashMap fields."

[dependencies]
aioduct = { version = "0.1", features = ["tokio", "rustls", "json"] }
serde = { version = "1", features = ["derive"] }
serde_json = "1"
tokio = { version = "1", features = ["full"] }
