{
  "description": "Test API with multiple operations having similar request body schema names",
  "exports": {
    ".": {
      "default": "./dist/index.js",
      "types": "./dist/index.d.ts"
    }
  },
  "files": [
    "dist"
  ],
  "keywords": [
    "openapi",
    "api-client",
    "typescript",
    "generated"
  ],
  "main": "./dist/index.js",
  "name": "multiple-similar-request-schemas-api",
  "scripts": {
    "build": "tsc"
  },
  "type": "module",
  "types": "./dist/index.d.ts",
  "version": "1.0.0"
}