plugins {
    id("java-library")
}

group = "com.example.sdk"
version = "1.0.0"

repositories {
    mavenCentral()
}

dependencies {
    implementation("com.squareup.okhttp3:okhttp:4.12.0")
    implementation("com.google.code.gson:gson:2.11.0")
}

java {
    toolchain {
        languageVersion.set(JavaLanguageVersion.of(17))
    }
}
