{
  "description": "API demonstrating OpenAPI additionalProperties with multiple levels of structs (RootLevel -> MiddleLevel -> LeafValue), each with HashMap fields.",
  "exports": {
    ".": {
      "default": "./dist/index.js",
      "types": "./dist/index.d.ts"
    }
  },
  "files": [
    "dist"
  ],
  "keywords": [
    "openapi",
    "api-client",
    "typescript",
    "generated"
  ],
  "license": "MIT OR Apache-2.0",
  "main": "./dist/index.js",
  "name": "additional-properties-api",
  "scripts": {
    "build": "tsc"
  },
  "type": "module",
  "types": "./dist/index.d.ts",
  "version": "1.0.0"
}