[package]
name = "discriminated-union-with-inline-discriminator-only-test"
version = "0.1.0"
edition = "2024"
description = "Test fixture for discriminated union where variants are inline objects"

[dependencies]
aioduct = { version = "0.1.6", features = ["tokio", "rustls", "rustls-ring", "json"] }
serde = { version = "1", features = ["derive"] }
serde_json = "1"
serde_repr = "0.1"
