[package]
name = "discriminated-union-internally-tagged-test"
version = "0.1.0"
edition = "2024"
description = "Test fixture for internally tagged (adjacently tagged) discriminator unions.
This tests that discriminator properties have literal types instead of union types.
See: https://www.openapis.org/understanding-openapi/specification/models/
"

[dependencies]
ureq = { version = "3", features = ["json"] }
serde = { version = "1", features = ["derive"] }
serde_json = "1"
